<?xml version="1.0" encoding="utf-8"?><testsuites name="pytest tests"><testsuite name="pytest" errors="0" failures="0" skipped="0" tests="2" time="6.833" timestamp="2025-06-19T11:05:06.072197+05:30" hostname="Interstellix"><testcase classname="test.test_model" name="test_model_exists" time="0.002" /><testcase classname="test.test_model" name="test_model_prediction_accuracy" time="5.919" /></testsuite></testsuites>